[debug] [2025-07-11T04:21:41.755Z] ----------------------------------------------------------------------
[debug] [2025-07-11T04:21:41.757Z] Command:       C:\Program Files\nodejs\node.exe C:\Program Files\nodejs\node_modules\firebase-tools\lib\bin\firebase.js emulators:start --only functions
[debug] [2025-07-11T04:21:41.757Z] CLI Version:   14.9.0
[debug] [2025-07-11T04:21:41.757Z] Platform:      win32
[debug] [2025-07-11T04:21:41.757Z] Node Version:  v22.11.0
[debug] [2025-07-11T04:21:41.757Z] Time:          Fri Jul 11 2025 00:21:41 GMT-0400 (hora de Venezuela)
[debug] [2025-07-11T04:21:41.757Z] ----------------------------------------------------------------------
[debug] 
[debug] [2025-07-11T04:21:41.915Z] > command requires scopes: ["email","openid","https://www.googleapis.com/auth/cloudplatformprojects.readonly","https://www.googleapis.com/auth/firebase","https://www.googleapis.com/auth/cloud-platform"]
[debug] [2025-07-11T04:21:41.915Z] > authorizing via signed-in user (yose.castillo06@gmail.com)
[info] i  emulators: Starting emulators: functions {"metadata":{"emulator":{"name":"hub"},"message":"Starting emulators: functions"}}
[debug] [2025-07-11T04:21:41.928Z] [logging] Logging Emulator only supports listening on one address (127.0.0.1). Not listening on ::1
[debug] [2025-07-11T04:21:41.928Z] assigned listening specs for emulators {"user":{"hub":[{"address":"127.0.0.1","family":"IPv4","port":4400},{"address":"::1","family":"IPv6","port":4400}],"ui":[{"address":"127.0.0.1","family":"IPv4","port":4000},{"address":"::1","family":"IPv6","port":4000}],"logging":[{"address":"127.0.0.1","family":"IPv4","port":4500}]},"metadata":{"message":"assigned listening specs for emulators"}}
[debug] [2025-07-11T04:21:41.930Z] [hub] writing locator at C:\Users\yosec\AppData\Local\Temp\hub-yeapp-stage.json
[debug] [2025-07-11T04:21:41.944Z] [functions] Functions Emulator only supports listening on one address (127.0.0.1). Not listening on ::1
[debug] [2025-07-11T04:21:41.944Z] [eventarc] Eventarc Emulator only supports listening on one address (127.0.0.1). Not listening on ::1
[debug] [2025-07-11T04:21:41.944Z] [tasks] Cloud Tasks Emulator only supports listening on one address (127.0.0.1). Not listening on ::1
[debug] [2025-07-11T04:21:41.944Z] late-assigned ports for functions and eventarc emulators {"user":{"hub":[{"address":"127.0.0.1","family":"IPv4","port":4400},{"address":"::1","family":"IPv6","port":4400}],"ui":[{"address":"127.0.0.1","family":"IPv4","port":4000},{"address":"::1","family":"IPv6","port":4000}],"logging":[{"address":"127.0.0.1","family":"IPv4","port":4500}],"functions":[{"address":"127.0.0.1","family":"IPv4","port":5001}],"eventarc":[{"address":"127.0.0.1","family":"IPv4","port":9299}],"tasks":[{"address":"127.0.0.1","family":"IPv4","port":9499}]},"metadata":{"message":"late-assigned ports for functions and eventarc emulators"}}
[warn] !  functions: The following emulators are not running, calls to these services from the Functions emulator will affect production: apphosting, auth, firestore, database, hosting, pubsub, storage, dataconnect {"metadata":{"emulator":{"name":"functions"},"message":"The following emulators are not running, calls to these services from the Functions emulator will affect production: \u001b[1mapphosting, auth, firestore, database, hosting, pubsub, storage, dataconnect\u001b[22m"}}
[debug] [2025-07-11T04:21:41.973Z] defaultcredentials: writing to file C:\Users\yosec\AppData\Roaming\firebase\yose_castillo06_gmail.com_application_default_credentials.json
[debug] [2025-07-11T04:21:41.974Z] Setting GAC to C:\Users\yosec\AppData\Roaming\firebase\yose_castillo06_gmail.com_application_default_credentials.json {"metadata":{"emulator":{"name":"functions"},"message":"Setting GAC to C:\\Users\\yosec\\AppData\\Roaming\\firebase\\yose_castillo06_gmail.com_application_default_credentials.json"}}
[debug] [2025-07-11T04:21:41.975Z] Checked if tokens are valid: true, expires at: 1752211098013
[debug] [2025-07-11T04:21:41.975Z] Checked if tokens are valid: true, expires at: 1752211098013
[debug] [2025-07-11T04:21:41.975Z] >>> [apiv2][query] GET https://firebase.googleapis.com/v1beta1/projects/yeapp-stage/adminSdkConfig [none]
[debug] [2025-07-11T04:21:42.625Z] <<< [apiv2][status] GET https://firebase.googleapis.com/v1beta1/projects/yeapp-stage/adminSdkConfig 200
[debug] [2025-07-11T04:21:42.626Z] <<< [apiv2][body] GET https://firebase.googleapis.com/v1beta1/projects/yeapp-stage/adminSdkConfig {"projectId":"yeapp-stage","storageBucket":"yeapp-stage.appspot.com","locationId":"us-central"}
[info] i  functions: Watching "C:\yeapptech\yeride-website\functions" for Cloud Functions... {"metadata":{"emulator":{"name":"functions"},"message":"Watching \"C:\\yeapptech\\yeride-website\\functions\" for Cloud Functions..."}}
[debug] [2025-07-11T04:21:42.652Z] Validating nodejs source
[debug] [2025-07-11T04:21:43.579Z] > [functions] package.json contents: {
  "name": "functions",
  "scripts": {
    "lint": "eslint --ext .js,.ts .",
    "build": "tsc",
    "build:watch": "tsc --watch",
    "serve": "npm run build && firebase emulators:start --only functions",
    "shell": "npm run build && firebase functions:shell",
    "start": "npm run shell",
    "deploy": "firebase deploy --only functions:api",
    "logs": "firebase functions:log"
  },
  "engines": {
    "node": "22"
  },
  "main": "lib/index.js",
  "dependencies": {
    "cors": "^2.8.5",
    "express": "^5.1.0",
    "firebase-admin": "^12.6.0",
    "firebase-functions": "^6.0.1"
  },
  "devDependencies": {
    "@typescript-eslint/eslint-plugin": "^5.12.0",
    "@typescript-eslint/parser": "^5.12.0",
    "eslint": "^8.9.0",
    "eslint-config-google": "^0.14.0",
    "eslint-plugin-import": "^2.25.4",
    "firebase-functions-test": "^3.1.0",
    "typescript": "^5.7.3"
  },
  "private": true
}
[debug] [2025-07-11T04:21:43.579Z] Building nodejs source
[debug] [2025-07-11T04:21:43.579Z] Failed to find version of module node: reached end of search path C:\yeapptech\yeride-website\functions\node_modules
[info] +  functions: Using node@22 from host. 
[debug] [2025-07-11T04:21:43.581Z] Could not find functions.yaml. Must use http discovery
[debug] [2025-07-11T04:21:43.585Z] Found firebase-functions binary at 'C:\yeapptech\yeride-website\functions\node_modules\.bin\firebase-functions'
[info] Serving at port 8757

[debug] [2025-07-11T04:21:44.096Z] Got response from /__/functions.yaml {"endpoints":{"api":{"availableMemoryMb":null,"timeoutSeconds":null,"minInstances":null,"maxInstances":null,"ingressSettings":null,"concurrency":null,"serviceAccountEmail":null,"vpc":null,"platform":"gcfv2","region":["us-central1"],"labels":{},"httpsTrigger":{},"entryPoint":"api"}},"specVersion":"v1alpha1","requiredAPIs":[],"extensions":{}}
[info] +  functions: Loaded functions definitions from source: api. {"metadata":{"emulator":{"name":"functions"},"message":"Loaded functions definitions from source: api."}}
[info] +  functions[us-central1-api]: http function initialized (http://127.0.0.1:5001/yeapp-stage/us-central1/api). {"metadata":{"emulator":{"name":"functions"},"message":"\u001b[1mhttp\u001b[22m function initialized (http://127.0.0.1:5001/yeapp-stage/us-central1/api)."}}
[debug] [2025-07-11T04:21:48.137Z] Could not find VSCode notification endpoint: FetchError: request to http://localhost:40001/vscode/notify failed, reason: . If you are not running the Firebase Data Connect VSCode extension, this is expected and not an issue.
[info] 
┌─────────────────────────────────────────────────────────────┐
│ ✔  All emulators ready! It is now safe to connect your app. │
│ i  View Emulator UI at http://127.0.0.1:4000/               │
└─────────────────────────────────────────────────────────────┘

┌───────────┬────────────────┬─────────────────────────────────┐
│ Emulator  │ Host:Port      │ View in Emulator UI             │
├───────────┼────────────────┼─────────────────────────────────┤
│ Functions │ 127.0.0.1:5001 │ http://127.0.0.1:4000/functions │
└───────────┴────────────────┴─────────────────────────────────┘
  Emulator Hub host: 127.0.0.1 port: 4400
  Other reserved ports: 4500

Issues? Report them at https://github.com/firebase/firebase-tools/issues and attach the *-debug.log files.
 
[debug] [2025-07-11T04:22:32.091Z] [work-queue] {"queuedWork":["/yeapp-stage/us-central1/api/v1/-2025-07-11T04:22:32.091Z"],"queueLength":1,"runningWork":[],"workRunningCount":0}
[debug] [2025-07-11T04:22:32.091Z] [work-queue] {"queuedWork":[],"queueLength":0,"runningWork":["/yeapp-stage/us-central1/api/v1/-2025-07-11T04:22:32.091Z"],"workRunningCount":1}
[debug] [2025-07-11T04:22:32.091Z] Accepted request GET /yeapp-stage/us-central1/api/v1/ --> us-central1-api
[debug] [2025-07-11T04:22:32.092Z] [functions] Runtime ready! Sending request! {"metadata":{"emulator":{"name":"functions"},"message":"[functions] Runtime ready! Sending request!"}}
[debug] [2025-07-11T04:22:32.092Z] [functions] Got req.url=/yeapp-stage/us-central1/api/v1/, mapping to path=/v1/ {"metadata":{"emulator":{"name":"functions"},"message":"[functions] Got req.url=/yeapp-stage/us-central1/api/v1/, mapping to path=/v1/"}}
[debug] [2025-07-11T04:22:32.101Z] [worker-pool] addWorker(us-central1-api) {"metadata":{"emulator":{"name":"functions"},"message":"[worker-pool] addWorker(us-central1-api)"}}
[debug] [2025-07-11T04:22:32.101Z] [worker-pool] Adding worker with key us-central1-api, total=1 {"metadata":{"emulator":{"name":"functions"},"message":"[worker-pool] Adding worker with key us-central1-api, total=1"}}
[info] >  (node:25792) [DEP0040] DeprecationWarning: The `punycode` module is deprecated. Please use a userland alternative instead. {"user":"(node:25792) [DEP0040] DeprecationWarning: The `punycode` module is deprecated. Please use a userland alternative instead.","metadata":{"emulator":{"name":"functions"},"function":{"name":"us-central1-api"},"extension":{},"message":"\u001b[90m> \u001b[39m (node:25792) [DEP0040] DeprecationWarning: The `punycode` module is deprecated. Please use a userland alternative instead."}}
[info] >  (Use `node --trace-deprecation ...` to show where the warning was created) {"user":"(Use `node --trace-deprecation ...` to show where the warning was created)","metadata":{"emulator":{"name":"functions"},"function":{"name":"us-central1-api"},"extension":{},"message":"\u001b[90m> \u001b[39m (Use `node --trace-deprecation ...` to show where the warning was created)"}}
[debug] [2025-07-11T04:22:33.173Z] [runtime-status] [25792] Resolved module firebase-admin {"declared":true,"installed":true,"version":"12.7.0","resolution":"C:\\yeapptech\\yeride-website\\functions\\node_modules\\firebase-admin\\lib\\index.js"} {"metadata":{"emulator":{"name":"functions"},"function":{"name":"us-central1-api"},"extension":{},"message":"[runtime-status] [25792] Resolved module firebase-admin {\"declared\":true,\"installed\":true,\"version\":\"12.7.0\",\"resolution\":\"C:\\\\yeapptech\\\\yeride-website\\\\functions\\\\node_modules\\\\firebase-admin\\\\lib\\\\index.js\"}"}}
[debug] [2025-07-11T04:22:33.175Z] [runtime-status] [25792] Resolved module firebase-functions {"declared":true,"installed":true,"version":"6.3.2","resolution":"C:\\yeapptech\\yeride-website\\functions\\node_modules\\firebase-functions\\lib\\v2\\index.js"} {"metadata":{"emulator":{"name":"functions"},"function":{"name":"us-central1-api"},"extension":{},"message":"[runtime-status] [25792] Resolved module firebase-functions {\"declared\":true,\"installed\":true,\"version\":\"6.3.2\",\"resolution\":\"C:\\\\yeapptech\\\\yeride-website\\\\functions\\\\node_modules\\\\firebase-functions\\\\lib\\\\v2\\\\index.js\"}"}}
[debug] [2025-07-11T04:22:33.175Z] [runtime-status] [25792] Outgoing network have been stubbed. [{"name":"http","status":"mocked"},{"name":"http","status":"mocked"},{"name":"https","status":"mocked"},{"name":"https","status":"mocked"},{"name":"net","status":"mocked"}] {"metadata":{"emulator":{"name":"functions"},"function":{"name":"us-central1-api"},"extension":{},"message":"[runtime-status] [25792] Outgoing network have been stubbed. [{\"name\":\"http\",\"status\":\"mocked\"},{\"name\":\"http\",\"status\":\"mocked\"},{\"name\":\"https\",\"status\":\"mocked\"},{\"name\":\"https\",\"status\":\"mocked\"},{\"name\":\"net\",\"status\":\"mocked\"}]"}}
[debug] [2025-07-11T04:22:33.176Z] [runtime-status] [25792] Resolved module firebase-functions {"declared":true,"installed":true,"version":"6.3.2","resolution":"C:\\yeapptech\\yeride-website\\functions\\node_modules\\firebase-functions\\lib\\v2\\index.js"} {"metadata":{"emulator":{"name":"functions"},"function":{"name":"us-central1-api"},"extension":{},"message":"[runtime-status] [25792] Resolved module firebase-functions {\"declared\":true,\"installed\":true,\"version\":\"6.3.2\",\"resolution\":\"C:\\\\yeapptech\\\\yeride-website\\\\functions\\\\node_modules\\\\firebase-functions\\\\lib\\\\v2\\\\index.js\"}"}}
[debug] [2025-07-11T04:22:35.541Z] [runtime-status] [25792] Checked functions.config() {"config":{}} {"metadata":{"emulator":{"name":"functions"},"function":{"name":"us-central1-api"},"extension":{},"message":"[runtime-status] [25792] Checked functions.config() {\"config\":{}}"}}
[debug] [2025-07-11T04:22:35.541Z] [runtime-status] [25792] firebase-functions has been stubbed. {"functionsResolution":{"declared":true,"installed":true,"version":"6.3.2","resolution":"C:\\yeapptech\\yeride-website\\functions\\node_modules\\firebase-functions\\lib\\v2\\index.js"}} {"metadata":{"emulator":{"name":"functions"},"function":{"name":"us-central1-api"},"extension":{},"message":"[runtime-status] [25792] firebase-functions has been stubbed. {\"functionsResolution\":{\"declared\":true,\"installed\":true,\"version\":\"6.3.2\",\"resolution\":\"C:\\\\yeapptech\\\\yeride-website\\\\functions\\\\node_modules\\\\firebase-functions\\\\lib\\\\v2\\\\index.js\"}}"}}
[debug] [2025-07-11T04:22:35.542Z] [runtime-status] [25792] Resolved module firebase-functions {"declared":true,"installed":true,"version":"6.3.2","resolution":"C:\\yeapptech\\yeride-website\\functions\\node_modules\\firebase-functions\\lib\\v2\\index.js"} {"metadata":{"emulator":{"name":"functions"},"function":{"name":"us-central1-api"},"extension":{},"message":"[runtime-status] [25792] Resolved module firebase-functions {\"declared\":true,\"installed\":true,\"version\":\"6.3.2\",\"resolution\":\"C:\\\\yeapptech\\\\yeride-website\\\\functions\\\\node_modules\\\\firebase-functions\\\\lib\\\\v2\\\\index.js\"}"}}
[debug] [2025-07-11T04:22:35.658Z] [runtime-status] [25792] Resolved module firebase-admin {"declared":true,"installed":true,"version":"12.7.0","resolution":"C:\\yeapptech\\yeride-website\\functions\\node_modules\\firebase-admin\\lib\\index.js"} {"metadata":{"emulator":{"name":"functions"},"function":{"name":"us-central1-api"},"extension":{},"message":"[runtime-status] [25792] Resolved module firebase-admin {\"declared\":true,\"installed\":true,\"version\":\"12.7.0\",\"resolution\":\"C:\\\\yeapptech\\\\yeride-website\\\\functions\\\\node_modules\\\\firebase-admin\\\\lib\\\\index.js\"}"}}
[debug] [2025-07-11T04:22:35.761Z] [runtime-status] [25792] Resolved module firebase-functions {"declared":true,"installed":true,"version":"6.3.2","resolution":"C:\\yeapptech\\yeride-website\\functions\\node_modules\\firebase-functions\\lib\\v2\\index.js"} {"metadata":{"emulator":{"name":"functions"},"function":{"name":"us-central1-api"},"extension":{},"message":"[runtime-status] [25792] Resolved module firebase-functions {\"declared\":true,\"installed\":true,\"version\":\"6.3.2\",\"resolution\":\"C:\\\\yeapptech\\\\yeride-website\\\\functions\\\\node_modules\\\\firebase-functions\\\\lib\\\\v2\\\\index.js\"}"}}
[debug] [2025-07-11T04:22:35.761Z] [runtime-status] [25792] firebase-admin has been stubbed. {"adminResolution":{"declared":true,"installed":true,"version":"12.7.0","resolution":"C:\\yeapptech\\yeride-website\\functions\\node_modules\\firebase-admin\\lib\\index.js"}} {"metadata":{"emulator":{"name":"functions"},"function":{"name":"us-central1-api"},"extension":{},"message":"[runtime-status] [25792] firebase-admin has been stubbed. {\"adminResolution\":{\"declared\":true,\"installed\":true,\"version\":\"12.7.0\",\"resolution\":\"C:\\\\yeapptech\\\\yeride-website\\\\functions\\\\node_modules\\\\firebase-admin\\\\lib\\\\index.js\"}}"}}
[debug] [2025-07-11T04:22:35.887Z] [runtime-status] [25792] Functions runtime initialized. {"cwd":"C:\\yeapptech\\yeride-website\\functions","node_version":"22.11.0"} {"metadata":{"emulator":{"name":"functions"},"function":{"name":"us-central1-api"},"extension":{},"message":"[runtime-status] [25792] Functions runtime initialized. {\"cwd\":\"C:\\\\yeapptech\\\\yeride-website\\\\functions\",\"node_version\":\"22.11.0\"}"}}
[debug] [2025-07-11T04:22:35.887Z] [runtime-status] [25792] Listening to port: \\?\pipe\fire_emu_19f779f191f8a365 {"metadata":{"emulator":{"name":"functions"},"function":{"name":"us-central1-api"},"extension":{},"message":"[runtime-status] [25792] Listening to port: \\\\?\\pipe\\fire_emu_19f779f191f8a365"}}
[debug] [2025-07-11T04:22:35.932Z] [worker-us-central1-api-cd9b56b7-c594-4e94-96b7-3a265f39c313]: IDLE {"metadata":{"emulator":{"name":"functions"},"function":{"name":"us-central1-api"},"extension":{},"message":"[worker-us-central1-api-cd9b56b7-c594-4e94-96b7-3a265f39c313]: IDLE"}}
[debug] [2025-07-11T04:22:35.933Z] [worker-pool] submitRequest(triggerId=us-central1-api) {"metadata":{"emulator":{"name":"functions"},"message":"[worker-pool] submitRequest(triggerId=us-central1-api)"}}
[info] i  functions: Beginning execution of "us-central1-api" {"metadata":{"emulator":{"name":"functions"},"function":{"name":"us-central1-api"},"extension":{},"message":"Beginning execution of \"us-central1-api\""}}
[debug] [2025-07-11T04:22:35.933Z] [worker-us-central1-api-cd9b56b7-c594-4e94-96b7-3a265f39c313]: BUSY {"metadata":{"emulator":{"name":"functions"},"function":{"name":"us-central1-api"},"extension":{},"message":"[worker-us-central1-api-cd9b56b7-c594-4e94-96b7-3a265f39c313]: BUSY"}}
[debug] [2025-07-11T04:22:35.940Z] Finishing up request with event=pause {"metadata":{"emulator":{"name":"functions"},"function":{"name":"us-central1-api"},"extension":{},"message":"Finishing up request with event=pause"}}
[info] i  functions: Finished "us-central1-api" in 7.4458ms {"metadata":{"emulator":{"name":"functions"},"function":{"name":"us-central1-api"},"extension":{},"message":"Finished \"us-central1-api\" in 7.4458ms"}}
[debug] [2025-07-11T04:22:35.941Z] [worker-us-central1-api-cd9b56b7-c594-4e94-96b7-3a265f39c313]: IDLE {"metadata":{"emulator":{"name":"functions"},"function":{"name":"us-central1-api"},"extension":{},"message":"[worker-us-central1-api-cd9b56b7-c594-4e94-96b7-3a265f39c313]: IDLE"}}
[debug] [2025-07-11T04:22:35.941Z] Finishing up request with event=finish {"metadata":{"emulator":{"name":"functions"},"function":{"name":"us-central1-api"},"extension":{},"message":"Finishing up request with event=finish"}}
[debug] [2025-07-11T04:22:35.942Z] Finishing up request with event=close {"metadata":{"emulator":{"name":"functions"},"function":{"name":"us-central1-api"},"extension":{},"message":"Finishing up request with event=close"}}
[debug] [2025-07-11T04:22:35.942Z] [work-queue] {"queuedWork":[],"queueLength":0,"runningWork":[],"workRunningCount":0}
